Stockfish <version>

 +---+---+---+---+---+---+---+---+
 |   |   |   |   | r | r | b |   | 8
 +---+---+---+---+---+---+---+---+
 |   | k | p |   |   |   | b |   | 7
 +---+---+---+---+---+---+---+---+
 |   | p |   | p |   |   |   |   | 6
 +---+---+---+---+---+---+---+---+
 | p | P |   | P | n |   |   | p | 5
 +---+---+---+---+---+---+---+---+
 |   |   |   |   |   | p |   |   | 4
 +---+---+---+---+---+---+---+---+
 |   | P | R |   |   | P |   |   | 3
 +---+---+---+---+---+---+---+---+
 |   |   | P |   | N | B |   | P | 2
 +---+---+---+---+---+---+---+---+
 |   |   | K | R |   | B |   |   | 1
 +---+---+---+---+---+---+---+---+
   a   b   c   d   e   f   g   h

Fen: 4rrb1/1kp3b1/1p1p4/pP1Pn2p/5p2/1PR2P2/2P1NB1P/2KR1B2 w K - 0 21
Key: EAD14E5E9E1C9FF8
Checkers: 


NNUE network contributions (Normalized, White to move)
+------------+------------+
|   Bucket   | Evaluation |
+------------+------------+
|  0         |  -  4.54   |
|  1         |  -  0.72   |
|  2         |  -  1.11   |
|  3         |  -  1.16   |
|  4         |  -  0.79   |
|  5         |  -  0.77   | <-- this bucket is used
|  6         |  -  0.76   |
|  7         |  -  0.75   |
+------------+------------+

NNUE evaluation          -237 (side to move, internal units)
NNUE evaluation        -0.77 (white side)
Final evaluation      -0.91 (white side) [with scaled NNUE, ...]
