Stockfish <version>

 +---+---+---+---+---+---+---+---+
 |   |   |   |   | r | r | b |   | 8
 +---+---+---+---+---+---+---+---+
 |   | k | p |   |   |   | b |   | 7
 +---+---+---+---+---+---+---+---+
 |   | p |   | p |   |   |   |   | 6
 +---+---+---+---+---+---+---+---+
 | p | P |   | P | n |   |   | p | 5
 +---+---+---+---+---+---+---+---+
 |   |   |   |   |   | p |   |   | 4
 +---+---+---+---+---+---+---+---+
 |   | P | R |   |   | P |   |   | 3
 +---+---+---+---+---+---+---+---+
 |   |   | P |   | N | B |   | P | 2
 +---+---+---+---+---+---+---+---+
 |   |   | K | R |   | B |   |   | 1
 +---+---+---+---+---+---+---+---+
   a   b   c   d   e   f   g   h

Fen: 4rrb1/1kp3b1/1p1p4/pP1Pn2p/5p2/1PR2P2/2P1NB1P/2KR1B2 w K - 0 21
Key: EAD14E5E9E1C9FF8
Checkers: 


NNUE network contributions (Normalized, White to move)
+------------+------------+------------+------------+
|   Bucket   |  Material  | Positional |   Total    |
|            |   (PSQT)   |  (Layers)  |            |
+------------+------------+------------+------------+
|  0         |  -  1.27   |  -  0.44   |  -  1.70   |
|  1         |  -  0.12   |  -  0.48   |  -  0.61   |
|  2         |  -  0.16   |  -  0.17   |  -  0.34   |
|  3         |  -  0.19   |  -  0.21   |  -  0.40   |
|  4         |  -  0.19   |  -  0.17   |  -  0.36   |
|  5         |  -  0.21   |  -  0.18   |  -  0.39   | <-- this bucket is used
|  6         |  -  0.22   |  -  0.19   |  -  0.40   |
|  7         |  -  0.17   |  -  0.25   |  -  0.42   |
+------------+------------+------------+------------+

NNUE evaluation          -151 (side to move, internal units)
NNUE evaluation        -0.39 (white side)
Final evaluation      -0.46 (white side) [with scaled NNUE, ...]
