Stockfish <version>

 +---+---+---+---+---+---+---+---+
 | b | q | n | b |   | r | k | r | 8
 +---+---+---+---+---+---+---+---+
 | p | p |   |   |   | p | p | p | 7
 +---+---+---+---+---+---+---+---+
 |   |   |   | p | p | n |   |   | 6
 +---+---+---+---+---+---+---+---+
 |   |   | p |   |   |   |   |   | 5
 +---+---+---+---+---+---+---+---+
 |   |   |   |   |   | P |   |   | 4
 +---+---+---+---+---+---+---+---+
 | P |   |   | P |   |   |   |   | 3
 +---+---+---+---+---+---+---+---+
 | N | P | P |   | P |   | P | P | 2
 +---+---+---+---+---+---+---+---+
 | B | Q |   | B | N | R | K | R | 1
 +---+---+---+---+---+---+---+---+
   a   b   c   d   e   f   g   h

Fen: bqnb1rkr/pp3ppp/3ppn2/2p5/5P2/P2P4/NPP1P1PP/BQ1BNRKR w HFhf - 2 9
Key: 07EA21D9A952A6B4
Checkers: 
info string Available processors: <cpus>
info string Using 1 thread
bestmove e2e3 ponder h7h5
