Stockfish <version>
info string Found 35 WDL and 35 DTZ tablebase files (up to 4-man).
readyok

 +---+---+---+---+---+---+---+---+
 |   |   |   |   | k |   |   |   | 8
 +---+---+---+---+---+---+---+---+
 |   |   |   |   |   |   |   |   | 7
 +---+---+---+---+---+---+---+---+
 |   |   |   |   |   |   |   |   | 6
 +---+---+---+---+---+---+---+---+
 |   |   |   |   |   |   |   |   | 5
 +---+---+---+---+---+---+---+---+
 |   |   |   |   |   |   |   |   | 4
 +---+---+---+---+---+---+---+---+
 |   |   |   |   |   |   |   |   | 3
 +---+---+---+---+---+---+---+---+
 |   |   |   |   |   |   |   |   | 2
 +---+---+---+---+---+---+---+---+
 |   |   |   | Q | K |   |   |   | 1
 +---+---+---+---+---+---+---+---+
   a   b   c   d   e   f   g   h

Fen: 4k3/8/8/8/8/8/8/3QK3 w - - 0 1
Key: 11BB9B30D6A74D85
Checkers: 
Tablebases WDL:    2 (1)
Tablebases DTZ:   15 (1)

 +---+---+---+---+---+---+---+---+
 |   |   |   |   |   |   |   |   | 8
 +---+---+---+---+---+---+---+---+
 |   |   |   |   |   |   |   |   | 7
 +---+---+---+---+---+---+---+---+
 |   |   |   |   |   |   |   |   | 6
 +---+---+---+---+---+---+---+---+
 |   |   |   |   | k |   |   |   | 5
 +---+---+---+---+---+---+---+---+
 |   |   |   |   |   |   |   |   | 4
 +---+---+---+---+---+---+---+---+
 |   |   |   |   |   |   |   |   | 3
 +---+---+---+---+---+---+---+---+
 |   |   |   |   | P |   |   |   | 2
 +---+---+---+---+---+---+---+---+
 |   |   |   |   | K |   |   |   | 1
 +---+---+---+---+---+---+---+---+
   a   b   c   d   e   f   g   h

Fen: 8/8/8/4k3/8/8/4P3/4K3 w - - 0 1
Key: 2DD778C90D8781BE
Checkers: 
Tablebases WDL:    0 (1)
Tablebases DTZ:    0 (1)

 +---+---+---+---+---+---+---+---+
 |   |   |   |   |   |   |   |   | 8
 +---+---+---+---+---+---+---+---+
 |   |   |   |   |   |   |   |   | 7
 +---+---+---+---+---+---+---+---+
 |   |   |   |   |   |   |   |   | 6
 +---+---+---+---+---+---+---+---+
 |   |   |   |   | k |   |   |   | 5
 +---+---+---+---+---+---+---+---+
 |   |   |   |   |   |   |   |   | 4
 +---+---+---+---+---+---+---+---+
 |   |   |   |   |   |   |   |   | 3
 +---+---+---+---+---+---+---+---+
 |   |   |   |   | r |   |   |   | 2
 +---+---+---+---+---+---+---+---+
 | R |   |   |   | K |   |   |   | 1
 +---+---+---+---+---+---+---+---+
   a   b   c   d   e   f   g   h

Fen: 8/8/8/4k3/8/8/4r3/R3K3 w - - 0 1
Key: CF58D5D8CEFC07FD
Checkers: e2 
Tablebases WDL:    2 (2)
Tablebases DTZ:    1 (2)

 +---+---+---+---+---+---+---+---+
 | r | n | b | q | k | b | n | r | 8
 +---+---+---+---+---+---+---+---+
 | p | p | p | p | p | p | p | p | 7
 +---+---+---+---+---+---+---+---+
 |   |   |   |   |   |   |   |   | 6
 +---+---+---+---+---+---+---+---+
 |   |   |   |   |   |   |   |   | 5
 +---+---+---+---+---+---+---+---+
 |   |   |   |   |   |   |   |   | 4
 +---+---+---+---+---+---+---+---+
 |   |   |   |   |   |   |   |   | 3
 +---+---+---+---+---+---+---+---+
 | P | P | P | P | P | P | P | P | 2
 +---+---+---+---+---+---+---+---+
 | R | N | B | Q | K | B | N | R | 1
 +---+---+---+---+---+---+---+---+
   a   b   c   d   e   f   g   h

Fen: rnbqkbnr/pppppppp/8/8/8/8/PPPPPPPP/RNBQKBNR w KQkq - 0 1
Key: 8F8F01D4562F59FB
Checkers: 
